stm32f3xx_ll_bus.h:303:22:LL_AHB1_GRP1_EnableClock	24	static
stm32f3xx_ll_bus.h:867:22:LL_APB2_GRP1_EnableClock	24	static
stm32f3xx_ll_spi.h:375:22:LL_SPI_Enable	16	static
stm32f3xx_ll_spi.h:443:22:LL_SPI_SetStandard	16	static
stm32f3xx_ll_spi.h:879:22:LL_SPI_EnableNSSPulseMgt	16	static
stm32f3xx_ll_spi.h:891:22:LL_SPI_DisableNSSPulseMgt	16	static
stm32f3xx_ll_spi.h:922:26:LL_SPI_IsActiveFlag_RXNE	16	static
stm32f3xx_ll_spi.h:933:26:LL_SPI_IsActiveFlag_TXE	16	static
stm32f3xx_ll_spi.h:1351:25:LL_SPI_ReceiveData8	16	static
stm32f3xx_ll_spi.h:1374:22:LL_SPI_TransmitData8	24	static
stm32f3xx_ll_gpio.h:895:22:LL_GPIO_SetOutputPin	16	static
stm32f3xx_ll_gpio.h:924:22:LL_GPIO_ResetOutputPin	16	static
spi.c:28:6:MX_SPI1_Init	72	static
spi.c:72:15:readWriteSPI1	24	static
spi.c:87:6:initCS_Pin	8	static
spi.c:103:6:cs_set	8	static
spi.c:108:6:cs_reset	8	static
spi.c:113:6:initCD_Pin	4	static
spi.c:128:6:cd_set	8	static
spi.c:133:6:cd_reset	8	static
spi.c:138:6:initRES_Pin	4	static
spi.c:153:6:res_set	8	static
spi.c:158:6:res_reset	8	static
